"""
>>> matrix = [[1, 2], [3, 4]]
>>> matrix_divided(matrix, 2)
[[0.5, 1.0], [1.5, 2.0]]

>>> matrix_divided([[9, 6], [3, 12]], 3)
[[3.0, 2.0], [1.0, 4.0]]

>>> matrix_divided([[1, 2], [3, float('inf')]], 2)
Traceback (most recent call last):
    ...
TypeError: matrix must be a matrix (list of lists) of integers/floats

>>> matrix_divided([[1, 2], [3, 4]], 0)
Traceback (most recent call last):
    ...
ZeroDivisionError: division by zero

>>> matrix_divided([[1, 2], [3, 4]], float('inf'))
Traceback (most recent call last):
    ...
TypeError: div must be a number
"""
