>>> from 2-matrix_divided import matrix_divided
>>> matrix = [[1, 2, 3], [4, 5, 6]]
>>> matrix_divided(matrix, 3)
[[0.33, 0.67, 1.0], [1.33, 1.67, 2.0]]

>>> matrix_divided([[9, 12], [15, 18]], 3)
[[3.0, 4.0], [5.0, 6.0]]

>>> matrix_divided([[1.5, 2.5], [3.5, 4.5]], 2)
[[0.75, 1.25], [1.75, 2.25]]

>>> matrix_divided([[1, 2], [3]], 2)
Traceback (most recent call last):
TypeError: Each row of the matrix must have the same size

>>> matrix_divided("not a matrix", 2)
Traceback (most recent call last):
TypeError: matrix must be a matrix (list of lists) of integers/floats

>>> matrix_divided([[1, 2], [3, "four"]], 2)
Traceback (most recent call last):
TypeError: matrix must be a matrix (list of lists) of integers/floats

>>> matrix_divided([[1, 2], [3, 4]], "two")
Traceback (most recent call last):
TypeError: div must be a number

>>> matrix_divided([[1, 2], [3, 4]], 0)
Traceback (most recent call last):
ZeroDivisionError: division by zero

